// Jest Snapshot v1, https://jestjs.io/docs/snapshot-testing

exports[`renders correctly 1`] = `
<DocumentFragment>
  <button
    style="margin: auto; border: 1px solid white;"
  >
    Se connecter
  </button>
</DocumentFragment>
`;
